  lab-2.cpp
C:\My\work\GitHub\programming-of-graphical-systems\Labrab-2\lab-2.cpp(14,28): warning C4305: аргумент: усечение из "double" в "GLclampf"
C:\My\work\GitHub\programming-of-graphical-systems\Labrab-2\lab-2.cpp(14,23): warning C4305: аргумент: усечение из "double" в "GLclampf"
C:\My\work\GitHub\programming-of-graphical-systems\Labrab-2\lab-2.cpp(14,18): warning C4305: аргумент: усечение из "double" в "GLclampf"
C:\My\work\GitHub\programming-of-graphical-systems\Labrab-2\lab-2.cpp(29,23): warning C4305: аргумент: усечение из "double" в "GLfloat"
C:\My\work\GitHub\programming-of-graphical-systems\Labrab-2\lab-2.cpp(29,18): warning C4305: аргумент: усечение из "double" в "GLfloat"
C:\My\work\GitHub\programming-of-graphical-systems\Labrab-2\lab-2.cpp(34,28): warning C4305: аргумент: усечение из "double" в "GLfloat"
C:\My\work\GitHub\programming-of-graphical-systems\Labrab-2\lab-2.cpp(34,23): warning C4305: аргумент: усечение из "double" в "GLfloat"
C:\My\work\GitHub\programming-of-graphical-systems\Labrab-2\lab-2.cpp(34,18): warning C4305: аргумент: усечение из "double" в "GLfloat"
C:\My\work\GitHub\programming-of-graphical-systems\Labrab-2\lab-2.cpp(38,28): warning C4305: аргумент: усечение из "double" в "GLfloat"
C:\My\work\GitHub\programming-of-graphical-systems\Labrab-2\lab-2.cpp(38,23): warning C4305: аргумент: усечение из "double" в "GLfloat"
C:\My\work\GitHub\programming-of-graphical-systems\Labrab-2\lab-2.cpp(38,18): warning C4305: аргумент: усечение из "double" в "GLfloat"
C:\My\work\GitHub\programming-of-graphical-systems\Labrab-2\lab-2.cpp(45,27): warning C4305: инициализация: усечение из "double" в "float"
C:\My\work\GitHub\programming-of-graphical-systems\Labrab-2\lab-2.cpp(45,32): warning C4305: инициализация: усечение из "double" в "float"
C:\My\work\GitHub\programming-of-graphical-systems\Labrab-2\lab-2.cpp(45,39): warning C4305: инициализация: усечение из "double" в "float"
C:\My\work\GitHub\programming-of-graphical-systems\Labrab-2\lab-2.cpp(45,44): warning C4305: инициализация: усечение из "double" в "float"
C:\My\work\GitHub\programming-of-graphical-systems\Labrab-2\lab-2.cpp(45,52): warning C4305: инициализация: усечение из "double" в "float"
C:\My\work\GitHub\programming-of-graphical-systems\Labrab-2\lab-2.cpp(45,58): warning C4305: инициализация: усечение из "double" в "float"
C:\My\work\GitHub\programming-of-graphical-systems\Labrab-2\lab-2.cpp(45,65): warning C4305: инициализация: усечение из "double" в "float"
C:\My\work\GitHub\programming-of-graphical-systems\Labrab-2\lab-2.cpp(45,71): warning C4305: инициализация: усечение из "double" в "float"
C:\My\work\GitHub\programming-of-graphical-systems\Labrab-2\lab-2.cpp(49,34): warning C4305: аргумент: усечение из "double" в "GLfloat"
C:\My\work\GitHub\programming-of-graphical-systems\Labrab-2\lab-2.cpp(50,28): warning C4305: аргумент: усечение из "double" в "GLfloat"
C:\My\work\GitHub\programming-of-graphical-systems\Labrab-2\lab-2.cpp(50,18): warning C4305: аргумент: усечение из "double" в "GLfloat"
C:\My\work\GitHub\programming-of-graphical-systems\Labrab-2\lab-2.cpp(58,18): warning C4305: аргумент: усечение из "double" в "GLfloat"
C:\My\work\GitHub\programming-of-graphical-systems\Labrab-2\lab-2.cpp(60,25): warning C4305: аргумент: усечение из "double" в "GLfloat"
C:\My\work\GitHub\programming-of-graphical-systems\Labrab-2\lab-2.cpp(60,19): warning C4305: аргумент: усечение из "double" в "GLfloat"
  Labrab-2.vcxproj -> C:\My\work\GitHub\programming-of-graphical-systems\Labrab-2\x64\Debug\Labrab-2.exe
